[0m21:35:55.837781 [debug] [MainThread]: Sending event: {'category': 'dbt', 'action': 'invocation', 'label': 'start', 'context': [<snowplow_tracker.self_describing_json.SelfDescribingJson object at 0x000002138EF0D730>, <snowplow_tracker.self_describing_json.SelfDescribingJson object at 0x000002138C28BBC0>, <snowplow_tracker.self_describing_json.SelfDescribingJson object at 0x000002138D3F14F0>]}


============================== 21:35:56.317631 | 722d12d6-07e7-4ade-8527-d27bf1128ed8 ==============================
[0m21:35:56.317631 [info ] [MainThread]: Running with dbt=1.12.2
[0m21:35:56.369951 [debug] [MainThread]: running dbt with arguments {'version_check': 'True', 'no_print': 'None', 'static_parser': 'True', 'target_path': 'None', 'maximum_seed_size_mib': '1', 'warn_error_options': 'WarnErrorOptionsV2(error=[], warn=[], silence=[])', 'printer_width': '80', 'write_json': 'True', 'empty': 'None', 'log_cache_events': 'False', 'introspect': 'True', 'cache_selected_only': 'False', 'log_format': 'default', 'debug': 'False', 'fail_fast': 'False', 'partial_parse': 'True', 'send_anonymous_usage_stats': 'True', 'quiet': 'False', 'warn_error': 'None', 'profiles_dir': 'C:\\Users\\Hoe\\.dbt', 'indirect_selection': 'eager', 'hints_enabled': 'True', 'invocation_command': 'dbt init', 'use_experimental_parser': 'False', 'use_colors': 'True', 'log_path': 'logs'}
[0m21:36:13.173203 [debug] [MainThread]: Starter project path: C:\Users\Hoe\Desktop\Learning\Rapsodo_Interview\Rapsodo_Interview\.venv\Lib\site-packages\dbt\include\starter_project
[0m21:36:13.220023 [info ] [MainThread]: Setting up your profile.
[0m21:36:13.224050 [error] [MainThread]: [[31mERROR[0m]: Encountered an error:
Runtime Error
  No adapters available. Learn how to install an adapter by going to https://docs.getdbt.com/docs/connect-adapters#install-using-the-cli
[0m21:36:13.228574 [debug] [MainThread]: Command `dbt init` failed at 21:36:13.228574 after 18.96 seconds
[0m21:36:13.229866 [debug] [MainThread]: Sending event: {'category': 'dbt', 'action': 'invocation', 'label': 'end', 'context': [<snowplow_tracker.self_describing_json.SelfDescribingJson object at 0x000002138D1E2FC0>, <snowplow_tracker.self_describing_json.SelfDescribingJson object at 0x000002138EF0D730>, <snowplow_tracker.self_describing_json.SelfDescribingJson object at 0x000002138EF08B30>]}
[0m21:36:13.231868 [debug] [MainThread]: Flushing usage events
[0m21:36:14.713487 [debug] [MainThread]: An error was encountered while trying to flush usage events
[0m21:42:54.591123 [debug] [MainThread]: Sending event: {'category': 'dbt', 'action': 'invocation', 'label': 'start', 'context': [<snowplow_tracker.self_describing_json.SelfDescribingJson object at 0x00000211B90C8F80>, <snowplow_tracker.self_describing_json.SelfDescribingJson object at 0x00000211B90C8C80>, <snowplow_tracker.self_describing_json.SelfDescribingJson object at 0x00000211B90C8A70>]}


============================== 21:42:54.601436 | 4091f66f-fe97-4c1b-a1df-08c3fac239e7 ==============================
[0m21:42:54.601436 [info ] [MainThread]: Running with dbt=1.12.2
[0m21:42:54.604199 [debug] [MainThread]: running dbt with arguments {'static_parser': 'True', 'no_print': 'None', 'maximum_seed_size_mib': '1', 'warn_error_options': 'WarnErrorOptionsV2(error=[], warn=[], silence=[])', 'target_path': 'None', 'version_check': 'True', 'printer_width': '80', 'write_json': 'True', 'introspect': 'True', 'log_cache_events': 'False', 'empty': 'None', 'cache_selected_only': 'False', 'log_format': 'default', 'debug': 'False', 'fail_fast': 'False', 'profiles_dir': 'C:\\Users\\Hoe\\.dbt', 'send_anonymous_usage_stats': 'True', 'quiet': 'False', 'warn_error': 'None', 'partial_parse': 'True', 'indirect_selection': 'eager', 'hints_enabled': 'True', 'invocation_command': 'dbt init', 'use_experimental_parser': 'False', 'use_colors': 'True', 'log_path': 'logs'}
[0m21:43:55.305752 [info ] [MainThread]: A project called rapsodo already exists here.
[0m21:43:55.307761 [debug] [MainThread]: Command `dbt init` succeeded at 21:43:55.307761 after 61.32 seconds
[0m21:43:55.308795 [debug] [MainThread]: Sending event: {'category': 'dbt', 'action': 'invocation', 'label': 'end', 'context': [<snowplow_tracker.self_describing_json.SelfDescribingJson object at 0x00000211B90C8B90>, <snowplow_tracker.self_describing_json.SelfDescribingJson object at 0x00000211B90C8230>, <snowplow_tracker.self_describing_json.SelfDescribingJson object at 0x00000211B90C83B0>]}
[0m21:43:55.309797 [debug] [MainThread]: Flushing usage events
[0m21:43:56.733249 [debug] [MainThread]: An error was encountered while trying to flush usage events
[0m07:11:15.501683 [debug] [MainThread]: Sending event: {'category': 'dbt', 'action': 'invocation', 'label': 'start', 'context': [<snowplow_tracker.self_describing_json.SelfDescribingJson object at 0x000001DD25859D00>, <snowplow_tracker.self_describing_json.SelfDescribingJson object at 0x000001DD244FB380>, <snowplow_tracker.self_describing_json.SelfDescribingJson object at 0x000001DD23369670>]}


============================== 07:11:15.735248 | d70c1485-180b-4df0-93bb-7f561340898a ==============================
[0m07:11:15.735248 [info ] [MainThread]: Running with dbt=1.12.2
[0m07:11:15.739014 [debug] [MainThread]: running dbt with arguments {'version_check': 'True', 'no_print': 'None', 'static_parser': 'True', 'target_path': 'None', 'warn_error_options': 'WarnErrorOptionsV2(error=[], warn=[], silence=[])', 'maximum_seed_size_mib': '1', 'printer_width': '80', 'write_json': 'True', 'empty': 'None', 'log_cache_events': 'False', 'introspect': 'True', 'cache_selected_only': 'False', 'fail_fast': 'False', 'debug': 'False', 'log_format': 'default', 'profiles_dir': 'C:\\Users\\Hoe\\.dbt', 'send_anonymous_usage_stats': 'True', 'quiet': 'False', 'warn_error': 'None', 'partial_parse': 'True', 'use_colors': 'True', 'hints_enabled': 'True', 'invocation_command': 'dbt debug', 'use_experimental_parser': 'False', 'indirect_selection': 'eager', 'log_path': 'logs'}
[0m07:11:16.186660 [info ] [MainThread]: dbt version: 1.12.2
[0m07:11:16.187657 [info ] [MainThread]: python version: 3.12.4
[0m07:11:16.188658 [info ] [MainThread]: python path: C:\Users\Hoe\Desktop\Learning\Rapsodo_Interview\Rapsodo_Interview\.venv\Scripts\python.exe
[0m07:11:16.188658 [info ] [MainThread]: os info: Windows-11-10.0.26200-SP0
[0m07:11:16.512871 [info ] [MainThread]: Using profiles dir at C:\Users\Hoe\.dbt
[0m07:11:16.514656 [info ] [MainThread]: Using profiles.yml file at C:\Users\Hoe\.dbt\profiles.yml
[0m07:11:16.515197 [info ] [MainThread]: Using dbt_project.yml file at C:\Users\Hoe\Desktop\Learning\Rapsodo_Interview\Rapsodo_Interview\data-dbt\dbt_project.yml
[0m07:11:16.515197 [error] [MainThread]: [[31mERROR[0m]: Encountered an error:
Internal Error
  Profile should not be None if loading profile completed
[0m07:11:16.517111 [debug] [MainThread]: Command `dbt debug` failed at 07:11:16.517111 after 1.42 seconds
[0m07:11:16.519156 [debug] [MainThread]: Sending event: {'category': 'dbt', 'action': 'invocation', 'label': 'end', 'context': [<snowplow_tracker.self_describing_json.SelfDescribingJson object at 0x000001DD25BBB0B0>, <snowplow_tracker.self_describing_json.SelfDescribingJson object at 0x000001DD244FB380>, <snowplow_tracker.self_describing_json.SelfDescribingJson object at 0x000001DD262C8410>]}
[0m07:11:16.520141 [debug] [MainThread]: Flushing usage events
[0m07:11:18.319379 [debug] [MainThread]: An error was encountered while trying to flush usage events
[0m07:12:33.507248 [debug] [MainThread]: Sending event: {'category': 'dbt', 'action': 'invocation', 'label': 'start', 'context': [<snowplow_tracker.self_describing_json.SelfDescribingJson object at 0x0000026C3E51CF80>, <snowplow_tracker.self_describing_json.SelfDescribingJson object at 0x0000026C3E51CC50>, <snowplow_tracker.self_describing_json.SelfDescribingJson object at 0x0000026C3E51CBC0>]}


============================== 07:12:33.512868 | c3e4b16f-418a-40c9-ae29-e99c332a2ccc ==============================
[0m07:12:33.512868 [info ] [MainThread]: Running with dbt=1.12.2
[0m07:12:33.513882 [debug] [MainThread]: running dbt with arguments {'version_check': 'True', 'no_print': 'None', 'static_parser': 'True', 'target_path': 'None', 'warn_error_options': 'WarnErrorOptionsV2(error=[], warn=[], silence=[])', 'maximum_seed_size_mib': '1', 'printer_width': '80', 'write_json': 'True', 'empty': 'None', 'log_cache_events': 'False', 'introspect': 'True', 'cache_selected_only': 'False', 'log_format': 'default', 'debug': 'False', 'fail_fast': 'False', 'profiles_dir': 'C:\\Users\\Hoe\\.dbt', 'send_anonymous_usage_stats': 'True', 'quiet': 'False', 'warn_error': 'None', 'partial_parse': 'True', 'use_colors': 'True', 'hints_enabled': 'True', 'invocation_command': 'dbt debug', 'use_experimental_parser': 'False', 'indirect_selection': 'eager', 'log_path': 'logs'}
[0m07:12:33.550686 [info ] [MainThread]: dbt version: 1.12.2
[0m07:12:33.551700 [info ] [MainThread]: python version: 3.12.4
[0m07:12:33.551700 [info ] [MainThread]: python path: C:\Users\Hoe\Desktop\Learning\Rapsodo_Interview\Rapsodo_Interview\.venv\Scripts\python.exe
[0m07:12:33.552696 [info ] [MainThread]: os info: Windows-11-10.0.26200-SP0
[0m07:12:33.625518 [info ] [MainThread]: Using profiles dir at C:\Users\Hoe\.dbt
[0m07:12:33.626521 [info ] [MainThread]: Using profiles.yml file at C:\Users\Hoe\.dbt\profiles.yml
[0m07:12:33.627482 [info ] [MainThread]: Using dbt_project.yml file at C:\Users\Hoe\Desktop\Learning\Rapsodo_Interview\Rapsodo_Interview\data-dbt\dbt_project.yml
[0m07:12:33.627482 [error] [MainThread]: [[31mERROR[0m]: Encountered an error:
Internal Error
  Profile should not be None if loading profile completed
[0m07:12:33.628989 [debug] [MainThread]: Command `dbt debug` failed at 07:12:33.628989 after 0.32 seconds
[0m07:12:33.628989 [debug] [MainThread]: Sending event: {'category': 'dbt', 'action': 'invocation', 'label': 'end', 'context': [<snowplow_tracker.self_describing_json.SelfDescribingJson object at 0x0000026C3E51C830>, <snowplow_tracker.self_describing_json.SelfDescribingJson object at 0x0000026C3E59B110>, <snowplow_tracker.self_describing_json.SelfDescribingJson object at 0x0000026C3E62BFB0>]}
[0m07:12:33.629995 [debug] [MainThread]: Flushing usage events
[0m07:12:35.077422 [debug] [MainThread]: An error was encountered while trying to flush usage events
[0m07:12:43.840656 [debug] [MainThread]: Sending event: {'category': 'dbt', 'action': 'invocation', 'label': 'start', 'context': [<snowplow_tracker.self_describing_json.SelfDescribingJson object at 0x0000021398175F70>, <snowplow_tracker.self_describing_json.SelfDescribingJson object at 0x0000021397CE0200>, <snowplow_tracker.self_describing_json.SelfDescribingJson object at 0x0000021397427800>]}


============================== 07:12:43.844690 | f577427b-f9f7-4cd2-a0ab-19cf60f4d12f ==============================
[0m07:12:43.844690 [info ] [MainThread]: Running with dbt=1.12.2
[0m07:12:43.846197 [debug] [MainThread]: running dbt with arguments {'maximum_seed_size_mib': '1', 'no_print': 'None', 'static_parser': 'True', 'target_path': 'None', 'version_check': 'True', 'warn_error_options': 'WarnErrorOptionsV2(error=[], warn=[], silence=[])', 'printer_width': '80', 'write_json': 'True', 'empty': 'None', 'log_cache_events': 'False', 'introspect': 'True', 'cache_selected_only': 'False', 'fail_fast': 'False', 'debug': 'False', 'log_format': 'default', 'profiles_dir': 'C:\\Users\\Hoe\\.dbt', 'send_anonymous_usage_stats': 'True', 'quiet': 'False', 'warn_error': 'None', 'partial_parse': 'True', 'indirect_selection': 'eager', 'hints_enabled': 'True', 'use_colors': 'True', 'use_experimental_parser': 'False', 'invocation_command': 'dbt debug', 'log_path': 'logs'}
[0m07:12:43.878493 [info ] [MainThread]: dbt version: 1.12.2
[0m07:12:43.879114 [info ] [MainThread]: python version: 3.12.4
[0m07:12:43.880122 [info ] [MainThread]: python path: C:\Users\Hoe\Desktop\Learning\Rapsodo_Interview\Rapsodo_Interview\.venv\Scripts\python.exe
[0m07:12:43.880122 [info ] [MainThread]: os info: Windows-11-10.0.26200-SP0
[0m07:12:43.953986 [info ] [MainThread]: Using profiles dir at C:\Users\Hoe\.dbt
[0m07:12:43.955764 [info ] [MainThread]: Using profiles.yml file at C:\Users\Hoe\.dbt\profiles.yml
[0m07:12:43.956863 [info ] [MainThread]: Using dbt_project.yml file at C:\Users\Hoe\Desktop\Learning\Rapsodo_Interview\Rapsodo_Interview\data-dbt\dbt_project.yml
[0m07:12:43.959752 [error] [MainThread]: [[31mERROR[0m]: Encountered an error:
Internal Error
  Profile should not be None if loading profile completed
[0m07:12:43.962524 [debug] [MainThread]: Command `dbt debug` failed at 07:12:43.961980 after 0.30 seconds
[0m07:12:43.963634 [debug] [MainThread]: Sending event: {'category': 'dbt', 'action': 'invocation', 'label': 'end', 'context': [<snowplow_tracker.self_describing_json.SelfDescribingJson object at 0x0000021398175F70>, <snowplow_tracker.self_describing_json.SelfDescribingJson object at 0x0000021399D9A5A0>, <snowplow_tracker.self_describing_json.SelfDescribingJson object at 0x0000021399EA2C60>]}
[0m07:12:43.964802 [debug] [MainThread]: Flushing usage events
[0m07:12:45.359015 [debug] [MainThread]: An error was encountered while trying to flush usage events
[0m07:14:25.963610 [debug] [MainThread]: Sending event: {'category': 'dbt', 'action': 'invocation', 'label': 'start', 'context': [<snowplow_tracker.self_describing_json.SelfDescribingJson object at 0x000001CEE34BCD40>, <snowplow_tracker.self_describing_json.SelfDescribingJson object at 0x000001CEE34BCA40>, <snowplow_tracker.self_describing_json.SelfDescribingJson object at 0x000001CEE34BC9E0>]}


============================== 07:14:25.969977 | 7e9e3939-7ca5-4c62-9b39-4feaadc95b6c ==============================
[0m07:14:25.969977 [info ] [MainThread]: Running with dbt=1.12.2
[0m07:14:25.969977 [debug] [MainThread]: running dbt with arguments {'version_check': 'True', 'no_print': 'None', 'static_parser': 'True', 'target_path': 'None', 'warn_error_options': 'WarnErrorOptionsV2(error=[], warn=[], silence=[])', 'maximum_seed_size_mib': '1', 'printer_width': '80', 'write_json': 'True', 'empty': 'None', 'log_cache_events': 'False', 'introspect': 'True', 'cache_selected_only': 'False', 'log_format': 'default', 'debug': 'False', 'fail_fast': 'False', 'profiles_dir': 'C:\\Users\\Hoe\\.dbt', 'send_anonymous_usage_stats': 'True', 'quiet': 'False', 'warn_error': 'None', 'partial_parse': 'True', 'use_colors': 'True', 'hints_enabled': 'True', 'invocation_command': 'dbt debug', 'use_experimental_parser': 'False', 'indirect_selection': 'eager', 'log_path': 'logs'}
[0m07:14:26.003627 [info ] [MainThread]: dbt version: 1.12.2
[0m07:14:26.003627 [info ] [MainThread]: python version: 3.12.4
[0m07:14:26.003627 [info ] [MainThread]: python path: C:\Users\Hoe\Desktop\Learning\Rapsodo_Interview\Rapsodo_Interview\.venv\Scripts\python.exe
[0m07:14:26.003627 [info ] [MainThread]: os info: Windows-11-10.0.26200-SP0
[0m07:14:26.080277 [info ] [MainThread]: Using profiles dir at C:\Users\Hoe\.dbt
[0m07:14:26.080277 [info ] [MainThread]: Using profiles.yml file at C:\Users\Hoe\.dbt\profiles.yml
[0m07:14:26.081277 [info ] [MainThread]: Using dbt_project.yml file at C:\Users\Hoe\Desktop\Learning\Rapsodo_Interview\Rapsodo_Interview\data-dbt\dbt_project.yml
[0m07:14:26.082276 [error] [MainThread]: [[31mERROR[0m]: Encountered an error:
Internal Error
  Profile should not be None if loading profile completed
[0m07:14:26.083276 [debug] [MainThread]: Command `dbt debug` failed at 07:14:26.083276 after 0.31 seconds
[0m07:14:26.083276 [debug] [MainThread]: Sending event: {'category': 'dbt', 'action': 'invocation', 'label': 'end', 'context': [<snowplow_tracker.self_describing_json.SelfDescribingJson object at 0x000001CEE34A7770>, <snowplow_tracker.self_describing_json.SelfDescribingJson object at 0x000001CEE34EBD40>, <snowplow_tracker.self_describing_json.SelfDescribingJson object at 0x000001CEE36E1AF0>]}
[0m07:14:26.084277 [debug] [MainThread]: Flushing usage events
[0m07:14:27.495892 [debug] [MainThread]: An error was encountered while trying to flush usage events
[0m07:18:20.761806 [debug] [MainThread]: Sending event: {'category': 'dbt', 'action': 'invocation', 'label': 'start', 'context': [<snowplow_tracker.self_describing_json.SelfDescribingJson object at 0x000001D321084FE0>, <snowplow_tracker.self_describing_json.SelfDescribingJson object at 0x000001D31E9B9F10>, <snowplow_tracker.self_describing_json.SelfDescribingJson object at 0x000001D320B9D280>]}


============================== 07:18:20.766975 | 66a1e5f9-691e-4bb4-b42c-0cf7fab2b380 ==============================
[0m07:18:20.766975 [info ] [MainThread]: Running with dbt=1.12.2
[0m07:18:20.768014 [debug] [MainThread]: running dbt with arguments {'maximum_seed_size_mib': '1', 'no_print': 'None', 'version_check': 'True', 'warn_error_options': 'WarnErrorOptionsV2(error=[], warn=[], silence=[])', 'target_path': 'None', 'static_parser': 'True', 'printer_width': '80', 'write_json': 'True', 'empty': 'None', 'log_cache_events': 'False', 'introspect': 'True', 'cache_selected_only': 'False', 'log_format': 'default', 'debug': 'False', 'fail_fast': 'False', 'profiles_dir': 'C:UsersHoeDesktopLearningRapsodo_InterviewRapsodo_Interviewdata-dbtrapsodo', 'send_anonymous_usage_stats': 'True', 'quiet': 'False', 'warn_error': 'None', 'partial_parse': 'True', 'invocation_command': 'dbt debug', 'hints_enabled': 'True', 'use_colors': 'True', 'use_experimental_parser': 'False', 'indirect_selection': 'eager', 'log_path': 'logs'}
[0m07:18:20.800256 [info ] [MainThread]: dbt version: 1.12.2
[0m07:18:20.801258 [info ] [MainThread]: python version: 3.12.4
[0m07:18:20.801258 [info ] [MainThread]: python path: C:\Users\Hoe\Desktop\Learning\Rapsodo_Interview\Rapsodo_Interview\.venv\Scripts\python.exe
[0m07:18:20.802257 [info ] [MainThread]: os info: Windows-11-10.0.26200-SP0
[0m07:18:20.803279 [info ] [MainThread]: Using profiles dir at C:UsersHoeDesktopLearningRapsodo_InterviewRapsodo_Interviewdata-dbtrapsodo
[0m07:18:20.803279 [info ] [MainThread]: Using profiles.yml file at C:UsersHoeDesktopLearningRapsodo_InterviewRapsodo_Interviewdata-dbtrapsodo\profiles.yml
[0m07:18:20.804250 [info ] [MainThread]: Using dbt_project.yml file at C:\Users\Hoe\Desktop\Learning\Rapsodo_Interview\Rapsodo_Interview\data-dbt\dbt_project.yml
[0m07:18:20.805259 [info ] [MainThread]: Configuration:
[0m07:18:20.805259 [info ] [MainThread]:   profiles.yml file [[31mERROR not found[0m]
[0m07:18:20.806256 [info ] [MainThread]:   dbt_project.yml file [[31mERROR not found[0m]
[0m07:18:20.807225 [info ] [MainThread]: Required dependencies:
[0m07:18:20.807225 [debug] [MainThread]: Executing "git --help"
[0m07:18:20.843515 [debug] [MainThread]: STDOUT: "b"usage: git [--version] [--help] [-C <path>] [-c <name>=<value>]\n           [--exec-path[=<path>]] [--html-path] [--man-path] [--info-path]\n           [-p | --paginate | -P | --no-pager] [--no-replace-objects] [--bare]\n           [--git-dir=<path>] [--work-tree=<path>] [--namespace=<name>]\n           <command> [<args>]\n\nThese are common Git commands used in various situations:\n\nstart a working area (see also: git help tutorial)\n   clone             Clone a repository into a new directory\n   init              Create an empty Git repository or reinitialize an existing one\n\nwork on the current change (see also: git help everyday)\n   add               Add file contents to the index\n   mv                Move or rename a file, a directory, or a symlink\n   restore           Restore working tree files\n   rm                Remove files from the working tree and from the index\n   sparse-checkout   Initialize and modify the sparse-checkout\n\nexamine the history and state (see also: git help revisions)\n   bisect            Use binary search to find the commit that introduced a bug\n   diff              Show changes between commits, commit and working tree, etc\n   grep              Print lines matching a pattern\n   log               Show commit logs\n   show              Show various types of objects\n   status            Show the working tree status\n\ngrow, mark and tweak your common history\n   branch            List, create, or delete branches\n   commit            Record changes to the repository\n   merge             Join two or more development histories together\n   rebase            Reapply commits on top of another base tip\n   reset             Reset current HEAD to the specified state\n   switch            Switch branches\n   tag               Create, list, delete or verify a tag object signed with GPG\n\ncollaborate (see also: git help workflows)\n   fetch             Download objects and refs from another repository\n   pull              Fetch from and integrate with another repository or a local branch\n   push              Update remote refs along with associated objects\n\n'git help -a' and 'git help -g' list available subcommands and some\nconcept guides. See 'git help <command>' or 'git help <concept>'\nto read about a specific subcommand or concept.\nSee 'git help git' for an overview of the system.\n""
[0m07:18:20.844508 [debug] [MainThread]: STDERR: "b''"
[0m07:18:20.845475 [info ] [MainThread]:  - git [[32mOK found[0m]

[0m07:18:20.846538 [info ] [MainThread]: Connection test skipped since no profile was found
[0m07:18:20.847474 [info ] [MainThread]: [31m2 checks failed:[0m
[0m07:18:20.848475 [info ] [MainThread]: dbt looked for a profiles.yml file in C:UsersHoeDesktopLearningRapsodo_InterviewRapsodo_Interviewdata-dbtrapsodo\profiles.yml, but did
not find one. For more information on configuring your profile, consult the
documentation:

https://docs.getdbt.com/docs/configure-your-profile


[0m07:18:20.848475 [info ] [MainThread]: Project loading failed for the following reason:
 project path <C:\Users\Hoe\Desktop\Learning\Rapsodo_Interview\Rapsodo_Interview\data-dbt\dbt_project.yml> not found

[0m07:18:20.849521 [debug] [MainThread]: Command `dbt debug` failed at 07:18:20.849521 after 0.28 seconds
[0m07:18:20.850508 [debug] [MainThread]: Sending event: {'category': 'dbt', 'action': 'invocation', 'label': 'end', 'context': [<snowplow_tracker.self_describing_json.SelfDescribingJson object at 0x000001D322B09520>, <snowplow_tracker.self_describing_json.SelfDescribingJson object at 0x000001D31EA7C650>, <snowplow_tracker.self_describing_json.SelfDescribingJson object at 0x000001D321573BC0>]}
[0m07:18:20.851057 [debug] [MainThread]: Flushing usage events
[0m07:18:22.235766 [debug] [MainThread]: An error was encountered while trying to flush usage events
